<?xml version="1.0" encoding="UTF-8"?>
<testsuites name="jest tests" tests="5" failures="0" errors="0" time="1.036">
  <testsuite name="Testing the groupAnagrams function" errors="0" failures="0" skipped="0" timestamp="2026-04-08T12:47:01" time="0.897" tests="5">
    <testcase classname="Testing the groupAnagrams function should correctly group anagrams together" name="Testing the groupAnagrams function should correctly group anagrams together" time="0.007">
    </testcase>
    <testcase classname="sumOfPrimes returns the sum of all prime numbers up to a given number" name="sumOfPrimes returns the sum of all prime numbers up to a given number" time="0.001">
    </testcase>
    <testcase classname="sumOfPrimes returns 0 for negative input values" name="sumOfPrimes returns 0 for negative input values" time="0">
    </testcase>
    <testcase classname="toTitleCase converts a string to title case (first letter of each word capitalized)" name="toTitleCase converts a string to title case (first letter of each word capitalized)" time="0.001">
    </testcase>
    <testcase classname="toTitleCase handles empty strings and strings with only spaces" name="toTitleCase handles empty strings and strings with only spaces" time="0">
    </testcase>
  </testsuite>
</testsuites>